ahoj1
ahoj2
ahoj3
ahoj4
ahoj5
ahoj4
ahoj3
ahoj2
ahoj1
