first
0 in for
1 in for
4 in for
9 in for
16 in for
first
