A 0 0 1
A 0 1 2
A 0 2 3
A 0 3 4
A 0 4 5
A 1 0 2
A 1 1 3
A 1 2 4
A 1 3 5
A 2 0 3
A 2 1 5
A 2 2 7
A 3 0 5
A 3 1 13
A 4 0 13
